// Jest Snapshot v1, https://goo.gl/fbAQLP

exports[`src/app/js/shared/component/buttons/icon-button/icon-button.spec.js should render icon button with close icon and white color 1`] = `
<button
  className="my-icon-button"
  type="button"
>
  <Icon
    color="white"
    type="close"
  />
</button>
`;
